// Jest Snapshot v1, https://goo.gl/fbAQLP

exports[`wallet component should render wallet 1`] = `
ShallowWrapper {
  "length": 1,
  Symbol(enzyme.__root__): [Circular],
  Symbol(enzyme.__unrendered__): <Wallet
    balance={20}
    depositMoney={[Function]}
    withdrawMoney={[Function]}
  />,
  Symbol(enzyme.__renderer__): Object {
    "batchedUpdates": [Function],
    "getNode": [Function],
    "render": [Function],
    "simulateEvent": [Function],
    "unmount": [Function],
  },
  Symbol(enzyme.__node__): Object {
    "instance": null,
    "key": undefined,
    "nodeType": "host",
    "props": Object {
      "children": Array [
        <h3
          className="balance"
        >
          Your Balance is 
          20
        </h3>,
        <br />,
        <input
          className="input-balance"
          onChange={[Function]}
        />,
        <button
          className="btn-deposit"
          onClick={[Function]}
        >
          DEPOSIT
        </button>,
        <button
          className="btn-withdraw"
          onClick={[Function]}
        >
          WITHDRAW
        </button>,
      ],
    },
    "ref": null,
    "rendered": Array [
      Object {
        "instance": null,
        "key": undefined,
        "nodeType": "host",
        "props": Object {
          "children": Array [
            "Your Balance is ",
            20,
          ],
          "className": "balance",
        },
        "ref": null,
        "rendered": Array [
          "Your Balance is ",
          20,
        ],
        "type": "h3",
      },
      Object {
        "instance": null,
        "key": undefined,
        "nodeType": "host",
        "props": Object {},
        "ref": null,
        "rendered": null,
        "type": "br",
      },
      Object {
        "instance": null,
        "key": undefined,
        "nodeType": "host",
        "props": Object {
          "className": "input-balance",
          "onChange": [Function],
        },
        "ref": null,
        "rendered": null,
        "type": "input",
      },
      Object {
        "instance": null,
        "key": undefined,
        "nodeType": "host",
        "props": Object {
          "children": "DEPOSIT",
          "className": "btn-deposit",
          "onClick": [Function],
        },
        "ref": null,
        "rendered": "DEPOSIT",
        "type": "button",
      },
      Object {
        "instance": null,
        "key": undefined,
        "nodeType": "host",
        "props": Object {
          "children": "WITHDRAW",
          "className": "btn-withdraw",
          "onClick": [Function],
        },
        "ref": null,
        "rendered": "WITHDRAW",
        "type": "button",
      },
    ],
    "type": "div",
  },
  Symbol(enzyme.__nodes__): Array [
    Object {
      "instance": null,
      "key": undefined,
      "nodeType": "host",
      "props": Object {
        "children": Array [
          <h3
            className="balance"
          >
            Your Balance is 
            20
          </h3>,
          <br />,
          <input
            className="input-balance"
            onChange={[Function]}
          />,
          <button
            className="btn-deposit"
            onClick={[Function]}
          >
            DEPOSIT
          </button>,
          <button
            className="btn-withdraw"
            onClick={[Function]}
          >
            WITHDRAW
          </button>,
        ],
      },
      "ref": null,
      "rendered": Array [
        Object {
          "instance": null,
          "key": undefined,
          "nodeType": "host",
          "props": Object {
            "children": Array [
              "Your Balance is ",
              20,
            ],
            "className": "balance",
          },
          "ref": null,
          "rendered": Array [
            "Your Balance is ",
            20,
          ],
          "type": "h3",
        },
        Object {
          "instance": null,
          "key": undefined,
          "nodeType": "host",
          "props": Object {},
          "ref": null,
          "rendered": null,
          "type": "br",
        },
        Object {
          "instance": null,
          "key": undefined,
          "nodeType": "host",
          "props": Object {
            "className": "input-balance",
            "onChange": [Function],
          },
          "ref": null,
          "rendered": null,
          "type": "input",
        },
        Object {
          "instance": null,
          "key": undefined,
          "nodeType": "host",
          "props": Object {
            "children": "DEPOSIT",
            "className": "btn-deposit",
            "onClick": [Function],
          },
          "ref": null,
          "rendered": "DEPOSIT",
          "type": "button",
        },
        Object {
          "instance": null,
          "key": undefined,
          "nodeType": "host",
          "props": Object {
            "children": "WITHDRAW",
            "className": "btn-withdraw",
            "onClick": [Function],
          },
          "ref": null,
          "rendered": "WITHDRAW",
          "type": "button",
        },
      ],
      "type": "div",
    },
  ],
  Symbol(enzyme.__options__): Object {
    "adapter": ReactSixteenAdapter {
      "options": Object {
        "enableComponentDidUpdateOnSetState": true,
      },
    },
    "disableLifecycleMethods": true,
  },
}
`;
